\BOOKMARK [1][-]{section.1}{\376\377\000I\000n\000t\000r\000o\000d\000u\000c\000t\000i\000o\000n}{}% 1
\BOOKMARK [2][-]{subsection.2}{\376\377\000R\000e\000l\000a\000t\000e\000d\000\040\000W\000o\000r\000k}{section.1}% 2
\BOOKMARK [1][-]{section.3}{\376\377\000B\000a\000c\000k\000g\000r\000o\000u\000n\000d}{}% 3
\BOOKMARK [2][-]{theorem.5}{\376\377\000T\000h\000e\000\040\000C\000h\000e\000m\000i\000c\000a\000l\000\040\000M\000a\000s\000t\000e\000r\000\040\000E\000q\000u\000a\000t\000i\000o\000n}{section.3}% 4
\BOOKMARK [2][-]{subsection.13}{\376\377\000F\000i\000n\000i\000t\000e\000\040\000S\000t\000a\000t\000e\000\040\000P\000r\000o\000j\000e\000c\000t\000i\000o\000n\000\040\000M\000e\000t\000h\000o\000d}{section.3}% 5
\BOOKMARK [3][-]{figure.caption.21}{\376\377\000T\000i\000m\000e\000-\000s\000t\000e\000p\000p\000i\000n\000g\000\040\000a\000n\000d\000\040\000s\000l\000i\000d\000i\000n\000g\000\040\000w\000i\000n\000d\000o\000w\000\040\000a\000p\000p\000r\000o\000a\000c\000h\000e\000s}{subsection.13}% 6
\BOOKMARK [1][-]{section.34}{\376\377\000M\000e\000t\000h\000o\000d\000o\000l\000o\000g\000y\000:\000\040\000F\000l\000u\000x\000-\000B\000a\000s\000e\000d\000\040\000A\000d\000a\000p\000t\000i\000v\000e\000\040\000F\000S\000P}{}% 7
\BOOKMARK [2][-]{subsection.44}{\376\377\000F\000l\000u\000x\000\040\000a\000n\000d\000\040\000N\000e\000t\000w\000o\000r\000k\000\040\000C\000o\000n\000n\000e\000c\000t\000i\000v\000i\000t\000y}{section.34}% 8
\BOOKMARK [3][-]{subsubsection.49}{\376\377\000F\000l\000u\000x\000-\000A\000w\000a\000r\000e\000\040\000T\000r\000u\000n\000c\000a\000t\000i\000o\000n\000\040\000A\000l\000g\000o\000r\000i\000t\000h\000m}{subsection.44}% 9
\BOOKMARK [2][-]{subsection.70}{\376\377\000A\000d\000a\000p\000t\000i\000v\000e\000\040\000T\000i\000m\000e\000\040\000S\000t\000e\000p\000p\000i\000n\000g}{section.34}% 10
\BOOKMARK [2][-]{subsection.74}{\376\377\000M\000a\000s\000t\000e\000r\000\040\000E\000q\000u\000a\000t\000i\000o\000n\000\040\000M\000a\000t\000r\000i\000x\000\040\000C\000o\000n\000s\000t\000r\000u\000c\000t\000i\000o\000n}{section.34}% 11
\BOOKMARK [2][-]{subsection.97}{\376\377\000F\000u\000l\000l\000\040\000A\000l\000g\000o\000r\000i\000t\000h\000m}{section.34}% 12
\BOOKMARK [1][-]{section.110}{\376\377\000E\000r\000r\000o\000r\000\040\000A\000n\000a\000l\000y\000s\000i\000s}{}% 13
\BOOKMARK [2][-]{subsection.128}{\376\377\000L\000o\000c\000a\000l\000\040\000E\000r\000r\000o\000r}{section.110}% 14
\BOOKMARK [3][-]{subsubsection.129}{\376\377\000M\000o\000d\000e\000l\000\040\000E\000r\000r\000o\000r\000\040\000f\000r\000o\000m\000\040\000S\000t\000a\000t\000e\000\040\000S\000p\000a\000c\000e\000\040\000T\000r\000u\000n\000c\000a\000t\000i\000o\000n}{subsection.128}% 15
\BOOKMARK [3][-]{subsubsection.141}{\376\377\000M\000a\000t\000r\000i\000x\000\040\000E\000x\000p\000o\000n\000e\000n\000t\000i\000a\000l\000\040\000A\000p\000p\000r\000o\000x\000i\000m\000a\000t\000i\000o\000n\000\040\000E\000r\000r\000o\000r}{subsection.128}% 16
\BOOKMARK [2][-]{subsection.147}{\376\377\000G\000l\000o\000b\000a\000l\000\040\000E\000r\000r\000o\000r}{section.110}% 17
\BOOKMARK [1][-]{section.151}{\376\377\000N\000u\000m\000e\000r\000i\000c\000a\000l\000\040\000E\000x\000p\000e\000r\000i\000m\000e\000n\000t\000s}{}% 18
\BOOKMARK [2][-]{subsection.152}{\376\377\000R\000e\000a\000c\000t\000i\000o\000n\000\040\000S\000y\000s\000t\000e\000m\000\040\000W\000i\000t\000h\000\040\000a\000\040\000B\000o\000t\000t\000l\000e\000n\000e\000c\000k\000\040\000C\000h\000a\000n\000n\000e\000l}{section.151}% 19
\BOOKMARK [3][-]{figure.caption.159}{\376\377\000E\000x\000p\000e\000r\000i\000m\000e\000n\000t\000a\000l\000\040\000E\000r\000r\000o\000r\000\040\000A\000n\000a\000l\000y\000s\000i\000s}{subsection.152}% 20
\BOOKMARK [2][-]{figure.caption.162}{\376\377\000S\000t\000o\000c\000h\000a\000s\000t\000i\000c\000\040\000T\000o\000g\000g\000l\000e\000\040\000S\000w\000i\000t\000c\000h\000\040\000M\000o\000d\000e\000l}{section.151}% 21
\BOOKMARK [2][-]{subsection.164}{\376\377\000O\000s\000c\000i\000l\000l\000a\000t\000o\000r\000y\000\040\000D\000y\000n\000a\000m\000i\000c\000s\000\040\000i\000n\000\040\000t\000h\000e\000\040\000O\000r\000e\000g\000o\000n\000a\000t\000o\000r\000\040\000M\000o\000d\000e\000l}{section.151}% 22
\BOOKMARK [2][-]{subsection.171}{\376\377\000S\000t\000i\000f\000f\000\040\000D\000y\000n\000a\000m\000i\000c\000s\000\040\000i\000n\000\040\000t\000h\000e\000\040\000R\000o\000b\000e\000r\000t\000s\000o\000n\000\040\000A\000u\000t\000o\000c\000a\000t\000a\000l\000y\000t\000i\000c\000\040\000S\000y\000s\000t\000e\000m}{section.151}% 23
\BOOKMARK [2][-]{subsection.175}{\376\377\000P\000e\000r\000f\000o\000r\000m\000a\000n\000c\000e\000\040\000E\000v\000a\000l\000u\000a\000t\000i\000o\000n\000\040\000o\000f\000\040\000M\000a\000t\000r\000i\000x\000\040\000C\000o\000n\000s\000t\000r\000u\000c\000t\000i\000o\000n}{section.151}% 24
\BOOKMARK [2][-]{subsection.180}{\376\377\000C\000o\000m\000p\000a\000r\000i\000s\000o\000n\000\040\000w\000i\000t\000h\000\040\000K\000r\000y\000l\000o\000v\000-\000F\000S\000P\000-\000S\000S\000A}{section.151}% 25
\BOOKMARK [3][-]{subsubsection.181}{\376\377\000O\000r\000e\000g\000o\000n\000a\000t\000o\000r\000.}{subsection.180}% 26
\BOOKMARK [3][-]{subsubsection.182}{\376\377\000B\000o\000t\000t\000l\000e\000n\000e\000c\000k\000.}{subsection.180}% 27
\BOOKMARK [3][-]{subsubsection.183}{\376\377\000R\000o\000b\000e\000r\000t\000s\000o\000n\000.}{subsection.180}% 28
\BOOKMARK [1][-]{section.185}{\376\377\000D\000i\000s\000c\000u\000s\000s\000i\000o\000n}{}% 29
\BOOKMARK [1][-]{section.186}{\376\377\000C\000o\000n\000c\000l\000u\000s\000i\000o\000n}{}% 30
\BOOKMARK [1][-]{section.187}{\376\377\000C\000o\000d\000e\000\040\000A\000v\000a\000i\000l\000a\000b\000i\000l\000i\000t\000y}{}% 31
\BOOKMARK [1][-]{section.188}{\376\377\000A\000c\000k\000n\000o\000w\000l\000e\000d\000g\000m\000e\000n\000t\000s}{}% 32
\BOOKMARK [1][-]{section.188}{\376\377\000R\000e\000f\000e\000r\000e\000n\000c\000e\000s}{}% 33
