\BOOKMARK [1][-]{section.1}{\376\377\000I\000n\000t\000r\000o\000d\000u\000c\000t\000i\000o\000n}{}% 1
\BOOKMARK [1][-]{section.9}{\376\377\000T\000h\000e\000\040\000R\000e\000a\000c\000t\000i\000o\000n\000-\000D\000i\000f\000f\000u\000s\000i\000o\000n\000\040\000M\000a\000s\000t\000e\000r\000\040\000E\000q\000u\000a\000t\000i\000o\000n}{}% 2
\BOOKMARK [2][-]{subsection.10}{\376\377\000S\000e\000t\000u\000p}{section.9}% 3
\BOOKMARK [2][-]{subsection.14}{\376\377\000R\000e\000a\000c\000t\000i\000o\000n\000\040\000a\000n\000d\000\040\000D\000i\000f\000f\000u\000s\000i\000o\000n\000\040\000O\000p\000e\000r\000a\000t\000o\000r\000s}{section.9}% 4
\BOOKMARK [2][-]{subsection.20}{\376\377\000T\000e\000n\000s\000o\000r\000-\000P\000r\000o\000d\000u\000c\000t\000\040\000S\000t\000r\000u\000c\000t\000u\000r\000e}{section.9}% 5
\BOOKMARK [2][-]{subsection.23}{\376\377\000F\000i\000n\000i\000t\000e\000\040\000S\000t\000a\000t\000e\000\040\000P\000r\000o\000j\000e\000c\000t\000i\000o\000n}{section.9}% 6
\BOOKMARK [1][-]{section.25}{\376\377\000S\000p\000a\000t\000i\000a\000l\000\040\000L\000u\000m\000p\000a\000b\000i\000l\000i\000t\000y\000\040\000a\000n\000d\000\040\000t\000h\000e\000\040\000C\000o\000a\000r\000s\000e\000n\000i\000n\000g\000\040\000C\000r\000i\000t\000e\000r\000i\000o\000n}{}% 7
\BOOKMARK [2][-]{subsection.26}{\376\377\000M\000a\000r\000k\000o\000v\000\040\000C\000h\000a\000i\000n\000\040\000L\000u\000m\000p\000a\000b\000i\000l\000i\000t\000y}{section.25}% 8
\BOOKMARK [2][-]{subsection.29}{\376\377\000S\000p\000a\000t\000i\000a\000l\000\040\000L\000u\000m\000p\000a\000b\000i\000l\000i\000t\000y\000\040\000o\000f\000\040\000t\000h\000e\000\040\000R\000D\000M\000E}{section.25}% 9
\BOOKMARK [2][-]{subsection.38}{\376\377\000T\000h\000e\000\040\000D\000u\000a\000l\000\040\000L\000u\000m\000p\000a\000b\000i\000l\000i\000t\000y\000:\000\040\000A\000\040\000U\000n\000i\000f\000i\000e\000d\000\040\000T\000a\000b\000l\000e}{section.25}% 10
\BOOKMARK [2][-]{subsection.41}{\376\377\000T\000w\000o\000\040\000F\000a\000i\000l\000u\000r\000e\000\040\000M\000o\000d\000e\000s\000\040\000o\000f\000\040\000t\000h\000e\000\040\000R\000a\000w\000\040\000F\000l\000u\000x\000\040\000C\000r\000i\000t\000e\000r\000i\000o\000n}{section.25}% 11
\BOOKMARK [1][-]{section.44}{\376\377\000S\000p\000a\000t\000i\000a\000l\000\040\000C\000o\000a\000r\000s\000e\000n\000i\000n\000g\000\040\000H\000i\000e\000r\000a\000r\000c\000h\000y}{}% 12
\BOOKMARK [2][-]{subsection.45}{\376\377\000C\000o\000a\000r\000s\000e\000n\000i\000n\000g\000\040\000M\000a\000p}{section.44}% 13
\BOOKMARK [2][-]{theorem.50}{\376\377\000R\000e\000s\000t\000r\000i\000c\000t\000i\000o\000n\000\040\000O\000p\000e\000r\000a\000t\000o\000r}{section.44}% 14
\BOOKMARK [2][-]{subsection.54}{\376\377\000P\000r\000o\000l\000o\000n\000g\000a\000t\000i\000o\000n\000\040\000O\000p\000e\000r\000a\000t\000o\000r}{section.44}% 15
\BOOKMARK [1][-]{section.63}{\376\377\000T\000h\000e\000\040\000C\000o\000a\000r\000s\000e\000-\000L\000e\000v\000e\000l\000\040\000G\000e\000n\000e\000r\000a\000t\000o\000r}{}% 16
\BOOKMARK [2][-]{subsection.64}{\376\377\000C\000o\000n\000s\000t\000r\000u\000c\000t\000i\000o\000n}{section.63}% 17
\BOOKMARK [2][-]{subsection.80}{\376\377\000F\000u\000l\000l\000\040\000C\000o\000a\000r\000s\000e\000\040\000R\000D\000M\000E}{section.63}% 18
\BOOKMARK [1][-]{section.82}{\376\377\000M\000u\000l\000t\000i\000g\000r\000i\000d\000\040\000V\000-\000C\000y\000c\000l\000e\000\040\000f\000o\000r\000\040\000t\000h\000e\000\040\000R\000D\000M\000E}{}% 19
\BOOKMARK [2][-]{subsection.83}{\376\377\000O\000p\000e\000r\000a\000t\000o\000r\000\040\000S\000p\000l\000i\000t\000t\000i\000n\000g}{section.82}% 20
\BOOKMARK [2][-]{theorem.95}{\376\377\000T\000w\000o\000-\000L\000e\000v\000e\000l\000\040\000V\000-\000C\000y\000c\000l\000e}{section.82}% 21
\BOOKMARK [2][-]{subsection.96}{\376\377\000R\000e\000c\000u\000r\000s\000i\000v\000e\000\040\000M\000u\000l\000t\000i\000-\000L\000e\000v\000e\000l\000\040\000V\000-\000C\000y\000c\000l\000e}{section.82}% 22
\BOOKMARK [2][-]{subsection.108}{\376\377\000S\000m\000o\000o\000t\000h\000i\000n\000g\000\040\000P\000a\000r\000a\000m\000e\000t\000e\000r\000\040\000S\000e\000l\000e\000c\000t\000i\000o\000n}{section.82}% 23
\BOOKMARK [1][-]{section.110}{\376\377\000E\000r\000r\000o\000r\000\040\000A\000n\000a\000l\000y\000s\000i\000s}{}% 24
\BOOKMARK [2][-]{subsection.111}{\376\377\000P\000e\000r\000-\000C\000y\000c\000l\000e\000\040\000E\000r\000r\000o\000r\000\040\000D\000e\000c\000o\000m\000p\000o\000s\000i\000t\000i\000o\000n}{section.110}% 25
\BOOKMARK [2][-]{subsection.119}{\376\377\000C\000o\000m\000p\000l\000e\000x\000i\000t\000y\000\040\000C\000o\000m\000p\000a\000r\000i\000s\000o\000n}{section.110}% 26
\BOOKMARK [1][-]{section.120}{\376\377\000A\000d\000a\000p\000t\000i\000v\000e\000\040\000S\000p\000a\000t\000i\000a\000l\000\040\000R\000e\000f\000i\000n\000e\000m\000e\000n\000t}{}% 27
\BOOKMARK [2][-]{subsection.121}{\376\377\000T\000w\000o\000\040\000Q\000u\000a\000n\000t\000i\000t\000e\000s\000:\000\040\000T\000o\000t\000a\000l\000\040\000F\000l\000u\000x\000\040\000a\000n\000d\000\040\000P\000e\000r\000-\000M\000o\000l\000e\000c\000u\000l\000e\000\040\000F\000l\000u\000x}{section.120}% 28
\BOOKMARK [2][-]{subsection.125}{\376\377\000T\000w\000o\000-\000C\000r\000i\000t\000e\000r\000i\000o\000n\000\040\000R\000e\000f\000i\000n\000e\000m\000e\000n\000t\000\040\000R\000u\000l\000e}{section.120}% 29
\BOOKMARK [2][-]{ALC@unique.143}{\376\377\000A\000d\000a\000p\000t\000i\000v\000e\000\040\000M\000u\000l\000t\000i\000g\000r\000i\000d\000\040\000A\000l\000g\000o\000r\000i\000t\000h\000m}{section.120}% 30
\BOOKMARK [1][-]{section.144}{\376\377\000E\000x\000t\000e\000n\000s\000i\000o\000n\000s}{}% 31
\BOOKMARK [2][-]{subsection.145}{\376\377\000H\000i\000g\000h\000e\000r\000\040\000S\000p\000a\000t\000i\000a\000l\000\040\000D\000i\000m\000e\000n\000s\000i\000o\000n\000s}{section.144}% 32
\BOOKMARK [2][-]{subsection.147}{\376\377\000N\000o\000n\000-\000U\000n\000i\000f\000o\000r\000m\000\040\000G\000r\000i\000d\000s}{section.144}% 33
\BOOKMARK [2][-]{subsection.148}{\376\377\000C\000o\000n\000n\000e\000c\000t\000i\000o\000n\000\040\000t\000o\000\040\000A\000l\000g\000e\000b\000r\000a\000i\000c\000\040\000M\000u\000l\000t\000i\000g\000r\000i\000d}{section.144}% 34
\BOOKMARK [1][-]{section.149}{\376\377\000N\000u\000m\000e\000r\000i\000c\000a\000l\000\040\000E\000x\000p\000e\000r\000i\000m\000e\000n\000t\000s}{}% 35
\BOOKMARK [2][-]{subsection.150}{\376\377\000B\000e\000n\000c\000h\000m\000a\000r\000k\000\040\0001\000:\000\040\0001\000D\000\040\000B\000i\000r\000t\000h\000-\000D\000e\000a\000t\000h\000-\000D\000i\000f\000f\000u\000s\000i\000o\000n}{section.149}% 36
\BOOKMARK [2][-]{subsection.156}{\376\377\000B\000e\000n\000c\000h\000m\000a\000r\000k\000\040\0002\000:\000\040\000S\000p\000a\000t\000i\000a\000l\000\040\000S\000c\000h\000l\000\366\000g\000l\000\040\000M\000o\000d\000e\000l\000\040\000\050\000B\000i\000s\000t\000a\000b\000l\000e\000\040\000F\000r\000o\000n\000t\000\051}{section.149}% 37
\BOOKMARK [1][-]{section.159}{\376\377\000D\000i\000s\000c\000u\000s\000s\000i\000o\000n\000\040\000a\000n\000d\000\040\000O\000u\000t\000l\000o\000o\000k}{}% 38
\BOOKMARK [1][-]{section*.164}{\376\377\000R\000e\000f\000e\000r\000e\000n\000c\000e\000s}{}% 39
